
Circuit 1 cell nfet_05v0 and Circuit 2 cell nfet_05v0 are black boxes.
Warning: Equate pins:  cell nfet_05v0 is a placeholder, treated as a black box.
Warning: Equate pins:  cell nfet_05v0 is a placeholder, treated as a black box.

Subcircuit pins:
Circuit 1: nfet_05v0                       |Circuit 2: nfet_05v0                       
-------------------------------------------|-------------------------------------------
1                                          |1                                          
2                                          |2                                          
3                                          |3                                          
4                                          |4                                          
---------------------------------------------------------------------------------------
Cell pin lists are equivalent.
Device classes nfet_05v0 and nfet_05v0 are equivalent.

Circuit 1 cell pfet_05v0 and Circuit 2 cell pfet_05v0 are black boxes.
Warning: Equate pins:  cell pfet_05v0 is a placeholder, treated as a black box.
Warning: Equate pins:  cell pfet_05v0 is a placeholder, treated as a black box.

Subcircuit pins:
Circuit 1: pfet_05v0                       |Circuit 2: pfet_05v0                       
-------------------------------------------|-------------------------------------------
1                                          |1                                          
2                                          |2                                          
3                                          |3                                          
4                                          |4                                          
---------------------------------------------------------------------------------------
Cell pin lists are equivalent.
Device classes pfet_05v0 and pfet_05v0 are equivalent.

Circuit 1 cell nfet_03v3 and Circuit 2 cell nfet_03v3 are black boxes.
Warning: Equate pins:  cell nfet_03v3 is a placeholder, treated as a black box.
Warning: Equate pins:  cell nfet_03v3 is a placeholder, treated as a black box.

Subcircuit pins:
Circuit 1: nfet_03v3                       |Circuit 2: nfet_03v3                       
-------------------------------------------|-------------------------------------------
1                                          |1                                          
2                                          |2                                          
3                                          |3                                          
4                                          |4                                          
---------------------------------------------------------------------------------------
Cell pin lists are equivalent.
Device classes nfet_03v3 and nfet_03v3 are equivalent.

Circuit 1 cell pfet_03v3 and Circuit 2 cell pfet_03v3 are black boxes.
Warning: Equate pins:  cell pfet_03v3 is a placeholder, treated as a black box.
Warning: Equate pins:  cell pfet_03v3 is a placeholder, treated as a black box.

Subcircuit pins:
Circuit 1: pfet_03v3                       |Circuit 2: pfet_03v3                       
-------------------------------------------|-------------------------------------------
1                                          |1                                          
2                                          |2                                          
3                                          |3                                          
4                                          |4                                          
---------------------------------------------------------------------------------------
Cell pin lists are equivalent.
Device classes pfet_03v3 and pfet_03v3 are equivalent.

Subcircuit summary:
Circuit 1: gf180mcu_fd_sc_mcu9t5v0__latq_1 |Circuit 2: gf180mcu_fd_sc_mcu9t5v0__latq_1 
-------------------------------------------|-------------------------------------------
nfet_05v0 (8)                              |nfet_05v0 (8)                              
pfet_05v0 (8)                              |pfet_05v0 (8)                              
Number of devices: 16                      |Number of devices: 16                      
Number of nets: 15                         |Number of nets: 15                         
---------------------------------------------------------------------------------------
Netlists match uniquely.

Subcircuit pins:
Circuit 1: gf180mcu_fd_sc_mcu9t5v0__latq_1 |Circuit 2: gf180mcu_fd_sc_mcu9t5v0__latq_1 
-------------------------------------------|-------------------------------------------
E                                          |E                                          
D                                          |D                                          
a_1908_69#                                 |Q **Mismatch**                             
VPW                                        |VPW                                        
VNW                                        |VNW                                        
VSS                                        |VSS                                        
VDD                                        |VDD                                        
---------------------------------------------------------------------------------------
Cell pin lists for gf180mcu_fd_sc_mcu9t5v0__latq_1 and gf180mcu_fd_sc_mcu9t5v0__latq_1 altered to match.
Device classes gf180mcu_fd_sc_mcu9t5v0__latq_1 and gf180mcu_fd_sc_mcu9t5v0__latq_1 are equivalent.

Subcircuit summary:
Circuit 1: gf180mcu_fd_sc_mcu9t5v0__nand2_ |Circuit 2: gf180mcu_fd_sc_mcu9t5v0__nand2_ 
-------------------------------------------|-------------------------------------------
pfet_05v0 (2)                              |pfet_05v0 (2)                              
nfet_05v0 (2)                              |nfet_05v0 (2)                              
Number of devices: 4                       |Number of devices: 4                       
Number of nets: 8                          |Number of nets: 8                          
---------------------------------------------------------------------------------------
Netlists match uniquely.

Subcircuit pins:
Circuit 1: gf180mcu_fd_sc_mcu9t5v0__nand2_ |Circuit 2: gf180mcu_fd_sc_mcu9t5v0__nand2_ 
-------------------------------------------|-------------------------------------------
VSS                                        |VSS                                        
A2                                         |A2                                         
VPW                                        |VPW                                        
A1                                         |A1                                         
VDD                                        |VDD                                        
VNW                                        |VNW                                        
ZN                                         |ZN                                         
---------------------------------------------------------------------------------------
Cell pin lists are equivalent.
Device classes gf180mcu_fd_sc_mcu9t5v0__nand2_1 and gf180mcu_fd_sc_mcu9t5v0__nand2_1 are equivalent.

Subcircuit summary:
Circuit 1: gf180mcu_fd_sc_mcu9t5v0__inv_1  |Circuit 2: gf180mcu_fd_sc_mcu9t5v0__inv_1  
-------------------------------------------|-------------------------------------------
pfet_05v0 (1)                              |pfet_05v0 (1)                              
nfet_05v0 (1)                              |nfet_05v0 (1)                              
Number of devices: 2                       |Number of devices: 2                       
Number of nets: 6                          |Number of nets: 6                          
---------------------------------------------------------------------------------------
Netlists match uniquely.

Subcircuit pins:
Circuit 1: gf180mcu_fd_sc_mcu9t5v0__inv_1  |Circuit 2: gf180mcu_fd_sc_mcu9t5v0__inv_1  
-------------------------------------------|-------------------------------------------
VSS                                        |VSS                                        
VPW                                        |VPW                                        
VDD                                        |VDD                                        
VNW                                        |VNW                                        
ZN                                         |ZN                                         
I                                          |I                                          
---------------------------------------------------------------------------------------
Cell pin lists are equivalent.
Device classes gf180mcu_fd_sc_mcu9t5v0__inv_1 and gf180mcu_fd_sc_mcu9t5v0__inv_1 are equivalent.
Flattening unmatched subcell inv_1 in circuit transmission_gate_2 (0)(1 instance)
Flattening unmatched subcell nfet$1 in circuit transmission_gate_2 (0)(1 instance)
Flattening unmatched subcell pfet$1 in circuit transmission_gate_2 (0)(1 instance)

Flattening instances of gf180mcu_fd_sc_mcu9t5v0__inv_1 in cell transmission_gate_2 (1) makes a better match
Making another compare attempt.

Class transmission_gate_2 (0):  Merged 14 parallel devices.
Subcircuit summary:
Circuit 1: transmission_gate_2             |Circuit 2: transmission_gate_2             
-------------------------------------------|-------------------------------------------
nfet_05v0 (1)                              |nfet_05v0 (1)                              
pfet_05v0 (1)                              |pfet_05v0 (1)                              
nfet_03v3 (4->1)                           |nfet_03v3 (4->1)                           
pfet_03v3 (12->1)                          |pfet_03v3 (12->1)                          
Number of devices: 4                       |Number of devices: 4                       
Number of nets: 6                          |Number of nets: 6                          
---------------------------------------------------------------------------------------
Resolving symmetries by property value.
Resolving symmetries by pin name.
Netlists match uniquely with port errors.

Subcircuit pins:
Circuit 1: transmission_gate_2             |Circuit 2: transmission_gate_2             
-------------------------------------------|-------------------------------------------
Bus                                        |Bus                                        
Pin                                        |Pin                                        
I                                          |I                                          
VSSd                                       |VSSd                                       
ZN                                         |(no pin, node is net1)                     
VDDd                                       |VDDd                                       
---------------------------------------------------------------------------------------
Cell pin lists for transmission_gate_2 and transmission_gate_2 altered to match.
Device classes transmission_gate_2 and transmission_gate_2 are equivalent.

Subcircuit summary:
Circuit 1: DFF_2phase_1                    |Circuit 2: DFF_2phase_1                    
-------------------------------------------|-------------------------------------------
gf180mcu_fd_sc_mcu9t5v0__latq_1 (2)        |gf180mcu_fd_sc_mcu9t5v0__latq_1 (2)        
gf180mcu_fd_sc_mcu9t5v0__nand2_1 (1)       |gf180mcu_fd_sc_mcu9t5v0__nand2_1 (1)       
gf180mcu_fd_sc_mcu9t5v0__inv_1 (1)         |gf180mcu_fd_sc_mcu9t5v0__inv_1 (1)         
Number of devices: 4                       |Number of devices: 4                       
Number of nets: 10                         |Number of nets: 10                         
---------------------------------------------------------------------------------------
Netlists match uniquely.

Subcircuit pins:
Circuit 1: DFF_2phase_1                    |Circuit 2: DFF_2phase_1                    
-------------------------------------------|-------------------------------------------
D                                          |D                                          
PHI_1                                      |PHI_1                                      
PHI_2                                      |PHI_2                                      
EN                                         |EN                                         
I                                          |I                                          
Q                                          |Q                                          
VDD                                        |VDDd **Mismatch**                          
VSS                                        |VSSd **Mismatch**                          
---------------------------------------------------------------------------------------
Cell pin lists for DFF_2phase_1 and DFF_2phase_1 altered to match.
Device classes DFF_2phase_1 and DFF_2phase_1 are equivalent.
Flattening unmatched subcell Angel_one_SW_block in circuit Angel_row_block (0)(16 instances)
Flattening unmatched subcell ShiftReg_row_10_2 in circuit Angel_row_block (1)(1 instance)

Subcircuit summary:
Circuit 1: Angel_row_block                 |Circuit 2: Angel_row_block                 
-------------------------------------------|-------------------------------------------
transmission_gate_2 (16)                   |transmission_gate_2 (16)                   
DFF_2phase_1 (16)                          |DFF_2phase_1 (16)                          
Number of devices: 32                      |Number of devices: 32                      
Number of nets: 71                         |Number of nets: 71                         
---------------------------------------------------------------------------------------
Netlists match uniquely.

Subcircuit pins:
Circuit 1: Angel_row_block                 |Circuit 2: Angel_row_block                 
-------------------------------------------|-------------------------------------------
PHI_1                                      |PHI_1                                      
PHI_2                                      |PHI_2                                      
EN                                         |EN                                         
Pin                                        |pin                                        
D_out                                      |D_out                                      
Angel_one_SW_block_0[0]/DFF_2phase_1_0/D   |D_in **Mismatch**                          
BUS[16]                                    |BUS[16]                                    
BUS[2]                                     |BUS[2]                                     
BUS[14]                                    |BUS[14]                                    
BUS[4]                                     |BUS[4]                                     
BUS[12]                                    |BUS[12]                                    
BUS[6]                                     |BUS[6]                                     
BUS[10]                                    |BUS[10]                                    
BUS[8]                                     |BUS[8]                                     
BUS[9]                                     |BUS[9]                                     
BUS[7]                                     |BUS[7]                                     
BUS[11]                                    |BUS[11]                                    
BUS[5]                                     |BUS[5]                                     
BUS[13]                                    |BUS[13]                                    
BUS[3]                                     |BUS[3]                                     
BUS[15]                                    |BUS[15]                                    
BUS[1]                                     |BUS[1]                                     
VSS                                        |VSSd **Mismatch**                          
VDD                                        |VDDd **Mismatch**                          
---------------------------------------------------------------------------------------
Cell pin lists for Angel_row_block and Angel_row_block altered to match.
Device classes Angel_row_block and Angel_row_block are equivalent.

Cell Angel_swmatrix_block (0) disconnected node: VSS
Cell Angel_swmatrix_block (0) disconnected node: BUS[2]
Cell Angel_swmatrix_block (0) disconnected node: BUS[3]
Cell Angel_swmatrix_block (0) disconnected node: BUS[4]
Cell Angel_swmatrix_block (0) disconnected node: BUS[5]
Cell Angel_swmatrix_block (0) disconnected node: BUS[6]
Cell Angel_swmatrix_block (0) disconnected node: BUS[7]
Cell Angel_swmatrix_block (0) disconnected node: BUS[8]
Cell Angel_swmatrix_block (0) disconnected node: BUS[9]
Cell Angel_swmatrix_block (0) disconnected node: BUS[10]
Cell Angel_swmatrix_block (0) disconnected node: BUS[11]
Cell Angel_swmatrix_block (0) disconnected node: BUS[12]
Cell Angel_swmatrix_block (0) disconnected node: BUS[13]
Cell Angel_swmatrix_block (0) disconnected node: BUS[14]
Cell Angel_swmatrix_block (0) disconnected node: BUS[15]
Cell Angel_swmatrix_block (0) disconnected node: BUS[16]
Subcircuit summary:
Circuit 1: Angel_swmatrix_block            |Circuit 2: Angel_swmatrix_block            
-------------------------------------------|-------------------------------------------
Angel_row_block (18)                       |Angel_row_block (18)                       
Number of devices: 18                      |Number of devices: 18                      
Number of nets: 91 **Mismatch**            |Number of nets: 58 **Mismatch**            
---------------------------------------------------------------------------------------
NET mismatches: Class fragments follow (with fanout counts):
Circuit 1: Angel_swmatrix_block            |Circuit 2: Angel_swmatrix_block            

---------------------------------------------------------------------------------------
Net: Angel_row_block_0[0]/D_out            |Net: D_out                                 
  Angel_row_block/D_out = 1                |  Angel_row_block/D_out = 1                
                                           |                                           
Net: Angel_row_block_0[1]/D_out            |Net: D_in                                  
  Angel_row_block/D_out = 1                |  Angel_row_block/D_in = 1                 
                                           |                                           
Net: Angel_row_block_0[2]/D_out            |Net: VDDd                                  
  Angel_row_block/D_out = 1                |  Angel_row_block/VDDd = 18                
                                           |                                           
Net: Angel_row_block_0[3]/D_out            |Net: D_out_row[1]                          
  Angel_row_block/D_out = 1                |  Angel_row_block/D_out = 1                
                                           |  Angel_row_block/D_in = 1                 
                                           |                                           
Net: Angel_row_block_0[4]/D_out            |Net: D_out_row[2]                          
  Angel_row_block/D_out = 1                |  Angel_row_block/D_out = 1                
                                           |  Angel_row_block/D_in = 1                 
                                           |                                           
Net: Angel_row_block_0[5]/D_out            |Net: D_out_row[3]                          
  Angel_row_block/D_out = 1                |  Angel_row_block/D_out = 1                
                                           |  Angel_row_block/D_in = 1                 
                                           |                                           
Net: Angel_row_block_0[6]/D_out            |Net: D_out_row[4]                          
  Angel_row_block/D_out = 1                |  Angel_row_block/D_out = 1                
                                           |  Angel_row_block/D_in = 1                 
                                           |                                           
Net: Angel_row_block_0[7]/D_out            |Net: D_out_row[5]                          
  Angel_row_block/D_out = 1                |  Angel_row_block/D_out = 1                
                                           |  Angel_row_block/D_in = 1                 
                                           |                                           
Net: Angel_row_block_0[8]/D_out            |Net: D_out_row[6]                          
  Angel_row_block/D_out = 1                |  Angel_row_block/D_out = 1                
                                           |  Angel_row_block/D_in = 1                 
                                           |                                           
Net: Angel_row_block_0[9]/D_out            |Net: D_out_row[7]                          
  Angel_row_block/D_out = 1                |  Angel_row_block/D_out = 1                
                                           |  Angel_row_block/D_in = 1                 
                                           |                                           
Net: Angel_row_block_0[10]/D_out           |Net: D_out_row[8]                          
  Angel_row_block/D_out = 1                |  Angel_row_block/D_out = 1                
                                           |  Angel_row_block/D_in = 1                 
                                           |                                           
Net: Angel_row_block_0[11]/D_out           |Net: D_out_row[9]                          
  Angel_row_block/D_out = 1                |  Angel_row_block/D_out = 1                
                                           |  Angel_row_block/D_in = 1                 
                                           |                                           
Net: Angel_row_block_0[12]/D_out           |Net: D_out_row[10]                         
  Angel_row_block/D_out = 1                |  Angel_row_block/D_out = 1                
                                           |  Angel_row_block/D_in = 1                 
                                           |                                           
Net: Angel_row_block_0[13]/D_out           |Net: D_out_row[11]                         
  Angel_row_block/D_out = 1                |  Angel_row_block/D_out = 1                
                                           |  Angel_row_block/D_in = 1                 
                                           |                                           
Net: Angel_row_block_0[14]/D_out           |Net: D_out_row[12]                         
  Angel_row_block/D_out = 1                |  Angel_row_block/D_out = 1                
                                           |  Angel_row_block/D_in = 1                 
                                           |                                           
Net: Angel_row_block_0[15]/D_out           |Net: D_out_row[13]                         
  Angel_row_block/D_out = 1                |  Angel_row_block/D_out = 1                
                                           |  Angel_row_block/D_in = 1                 
                                           |                                           
Net: Angel_row_block_0[16]/D_out           |Net: D_out_row[14]                         
  Angel_row_block/D_out = 1                |  Angel_row_block/D_out = 1                
                                           |  Angel_row_block/D_in = 1                 
                                           |                                           
Net: Angel_row_block_0[17]/D_out           |Net: D_out_row[15]                         
  Angel_row_block/D_out = 1                |  Angel_row_block/D_out = 1                
                                           |  Angel_row_block/D_in = 1                 
                                           |                                           
Net: Angel_row_block_0[0]/VDD              |Net: D_out_row[16]                         
  Angel_row_block/VDD = 1                  |  Angel_row_block/D_out = 1                
                                           |  Angel_row_block/D_in = 1                 
                                           |                                           
Net: Angel_row_block_0[1]/VDD              |Net: D_out_row[17]                         
  Angel_row_block/VDD = 1                  |  Angel_row_block/D_out = 1                
                                           |  Angel_row_block/D_in = 1                 
                                           |                                           
Net: Angel_row_block_0[2]/VDD              |(no matching net)                          
  Angel_row_block/VDD = 1                  |                                           
                                           |                                           
Net: Angel_row_block_0[3]/VDD              |(no matching net)                          
  Angel_row_block/VDD = 1                  |                                           
                                           |                                           
Net: Angel_row_block_0[4]/VDD              |(no matching net)                          
  Angel_row_block/VDD = 1                  |                                           
                                           |                                           
Net: Angel_row_block_0[5]/VDD              |(no matching net)                          
  Angel_row_block/VDD = 1                  |                                           
                                           |                                           
Net: Angel_row_block_0[6]/VDD              |(no matching net)                          
  Angel_row_block/VDD = 1                  |                                           
                                           |                                           
Net: Angel_row_block_0[7]/VDD              |(no matching net)                          
  Angel_row_block/VDD = 1                  |                                           
                                           |                                           
Net: Angel_row_block_0[8]/VDD              |(no matching net)                          
  Angel_row_block/VDD = 1                  |                                           
                                           |                                           
Net: Angel_row_block_0[9]/VDD              |(no matching net)                          
  Angel_row_block/VDD = 1                  |                                           
                                           |                                           
Net: Angel_row_block_0[10]/VDD             |(no matching net)                          
  Angel_row_block/VDD = 1                  |                                           
                                           |                                           
Net: Angel_row_block_0[11]/VDD             |(no matching net)                          
  Angel_row_block/VDD = 1                  |                                           
                                           |                                           
Net: Angel_row_block_0[12]/VDD             |(no matching net)                          
  Angel_row_block/VDD = 1                  |                                           
                                           |                                           
Net: Angel_row_block_0[13]/VDD             |(no matching net)                          
  Angel_row_block/VDD = 1                  |                                           
                                           |                                           
Net: Angel_row_block_0[14]/VDD             |(no matching net)                          
  Angel_row_block/VDD = 1                  |                                           
                                           |                                           
Net: Angel_row_block_0[15]/VDD             |(no matching net)                          
  Angel_row_block/VDD = 1                  |                                           
                                           |                                           
Net: Angel_row_block_0[0]/Angel_one_SW_blo |(no matching net)                          
  Angel_row_block/Angel_one_SW_block_0[0]/ |                                           
                                           |                                           
Net: Angel_row_block_0[1]/Angel_one_SW_blo |(no matching net)                          
  Angel_row_block/Angel_one_SW_block_0[0]/ |                                           
                                           |                                           
Net: Angel_row_block_0[2]/Angel_one_SW_blo |(no matching net)                          
  Angel_row_block/Angel_one_SW_block_0[0]/ |                                           
                                           |                                           
Net: Angel_row_block_0[3]/Angel_one_SW_blo |(no matching net)                          
  Angel_row_block/Angel_one_SW_block_0[0]/ |                                           
                                           |                                           
Net: Angel_row_block_0[4]/Angel_one_SW_blo |(no matching net)                          
  Angel_row_block/Angel_one_SW_block_0[0]/ |                                           
                                           |                                           
Net: Angel_row_block_0[5]/Angel_one_SW_blo |(no matching net)                          
  Angel_row_block/Angel_one_SW_block_0[0]/ |                                           
                                           |                                           
Net: Angel_row_block_0[6]/Angel_one_SW_blo |(no matching net)                          
  Angel_row_block/Angel_one_SW_block_0[0]/ |                                           
                                           |                                           
Net: Angel_row_block_0[7]/Angel_one_SW_blo |(no matching net)                          
  Angel_row_block/Angel_one_SW_block_0[0]/ |                                           
                                           |                                           
Net: Angel_row_block_0[8]/Angel_one_SW_blo |(no matching net)                          
  Angel_row_block/Angel_one_SW_block_0[0]/ |                                           
                                           |                                           
Net: Angel_row_block_0[9]/Angel_one_SW_blo |(no matching net)                          
  Angel_row_block/Angel_one_SW_block_0[0]/ |                                           
                                           |                                           
Net: Angel_row_block_0[10]/Angel_one_SW_bl |(no matching net)                          
  Angel_row_block/Angel_one_SW_block_0[0]/ |                                           
                                           |                                           
Net: Angel_row_block_0[11]/Angel_one_SW_bl |(no matching net)                          
  Angel_row_block/Angel_one_SW_block_0[0]/ |                                           
                                           |                                           
Net: Angel_row_block_0[12]/Angel_one_SW_bl |(no matching net)                          
  Angel_row_block/Angel_one_SW_block_0[0]/ |                                           
                                           |                                           
Net: Angel_row_block_0[13]/Angel_one_SW_bl |(no matching net)                          
  Angel_row_block/Angel_one_SW_block_0[0]/ |                                           
                                           |                                           
Net: Angel_row_block_0[14]/Angel_one_SW_bl |(no matching net)                          
  Angel_row_block/Angel_one_SW_block_0[0]/ |                                           
                                           |                                           
Net: Angel_row_block_0[15]/Angel_one_SW_bl |(no matching net)                          
  Angel_row_block/Angel_one_SW_block_0[0]/ |                                           
                                           |                                           
Net: Angel_row_block_0[16]/Angel_one_SW_bl |(no matching net)                          
  Angel_row_block/Angel_one_SW_block_0[0]/ |                                           
                                           |                                           
Net: D                                     |(no matching net)                          
  Angel_row_block/Angel_one_SW_block_0[0]/ |                                           
                                           |                                           
Net: VDD                                   |(no matching net)                          
  Angel_row_block/VDD = 2                  |                                           
---------------------------------------------------------------------------------------
Netlists do not match.
Port matching may fail to disambiguate symmetries.

Subcircuit pins:
Circuit 1: Angel_swmatrix_block            |Circuit 2: Angel_swmatrix_block            
-------------------------------------------|-------------------------------------------
Cell pin lists are equivalent.
Device classes Angel_swmatrix_block and Angel_swmatrix_block are equivalent.

Final result: Netlists do not match.
Port matching may fail to disambiguate symmetries.
