
Cell nfet_03v3 (1) disconnected node: drain
Cell nfet_03v3 (1) disconnected node: gate
Cell nfet_03v3 (1) disconnected node: source
Cell nfet_03v3 (1) disconnected node: bulk
Warning: Equate pins:  cell nfet_03v3 is a placeholder, treated as a black box.

Subcircuit pins:
Circuit 1: nfet_03v3                       |Circuit 2: nfet_03v3                       
-------------------------------------------|-------------------------------------------
(no matching pin)                          |drain                                      
(no matching pin)                          |gate                                       
(no matching pin)                          |source                                     
(no matching pin)                          |bulk                                       
---------------------------------------------------------------------------------------
Cell pin lists are equivalent.
Device classes nfet_03v3 and nfet_03v3 are equivalent.

Cell pfet_03v3 (1) disconnected node: drain
Cell pfet_03v3 (1) disconnected node: gate
Cell pfet_03v3 (1) disconnected node: source
Cell pfet_03v3 (1) disconnected node: bulk
Warning: Equate pins:  cell pfet_03v3 is a placeholder, treated as a black box.

Subcircuit pins:
Circuit 1: pfet_03v3                       |Circuit 2: pfet_03v3                       
-------------------------------------------|-------------------------------------------
(no matching pin)                          |drain                                      
(no matching pin)                          |gate                                       
(no matching pin)                          |source                                     
(no matching pin)                          |bulk                                       
---------------------------------------------------------------------------------------
Cell pin lists are equivalent.
Device classes pfet_03v3 and pfet_03v3 are equivalent.
Flattening unmatched subcell nfet$5 in circuit Nmos_Comparator (0)(2 instances)
Flattening unmatched subcell nfet in circuit Nmos_Comparator (0)(1 instance)
Flattening unmatched subcell nfet$6 in circuit Nmos_Comparator (0)(2 instances)
Flattening unmatched subcell pfet$3 in circuit Nmos_Comparator (0)(4 instances)
Flattening unmatched subcell pfet$1 in circuit Nmos_Comparator (0)(2 instances)
Flattening unmatched subcell nfet$2 in circuit Nmos_Comparator (0)(1 instance)

Class Nmos_Comparator (0):  Merged 7 parallel devices.
Subcircuit summary:
Circuit 1: Nmos_Comparator                 |Circuit 2: Nmos_Comparator                 
-------------------------------------------|-------------------------------------------
nfet_03v3 (7->6)                           |nfet_03v3 (6)                              
pfet_03v3 (12->6)                          |pfet_03v3 (6)                              
Number of devices: 12                      |Number of devices: 12                      
Number of nets: 58                         |Number of nets: 58                         
---------------------------------------------------------------------------------------
NET mismatches: Class fragments follow (with fanout counts):
Circuit 1: Nmos_Comparator                 |Circuit 2: Nmos_Comparator                 

---------------------------------------------------------------------------------------
Net: vdd                                   |Net: vdd                                   
  pfet_03v3/(1|3) = 6                      |  pfet_03v3/(drain|source) = 6             
  pfet_03v3/4 = 6                          |  pfet_03v3/bulk = 6                       
---------------------------------------------------------------------------------------

---------------------------------------------------------------------------------------
Net: vout                                  |Net: vout                                  
  nfet_03v3/(1|3) = 1                      |  nfet_03v3/(drain|source) = 1             
  pfet_03v3/(1|3) = 1                      |  pfet_03v3/(drain|source) = 1             
---------------------------------------------------------------------------------------

---------------------------------------------------------------------------------------
Net: v_3_7_n                               |Net: v_3_7_n                               
  nfet_03v3/2 = 2                          |  nfet_03v3/(drain|source) = 1             
  nfet_03v3/(1|3) = 1                      |  nfet_03v3/gate = 2                       
  pfet_03v3/(1|3) = 1                      |  pfet_03v3/(drain|source) = 1             
---------------------------------------------------------------------------------------

---------------------------------------------------------------------------------------
Net: v_6_9_n                               |Net: v_6_9_n                               
  nfet_03v3/(1|3) = 1                      |  nfet_03v3/(drain|source) = 1             
  pfet_03v3/2 = 3                          |  pfet_03v3/(drain|source) = 2             
  pfet_03v3/(1|3) = 2                      |  pfet_03v3/gate = 3                       
                                           |                                           
Net: v_5_11_n                              |Net: v_5_11_n                              
  nfet_03v3/(1|3) = 1                      |  nfet_03v3/(drain|source) = 1             
  pfet_03v3/(1|3) = 2                      |  pfet_03v3/gate = 3                       
  pfet_03v3/2 = 3                          |  pfet_03v3/(drain|source) = 2             
---------------------------------------------------------------------------------------

---------------------------------------------------------------------------------------
Net: /nfet$2_0/dummy_8                     |Net: dummy_58                              
  nfet_03v3/proxybulk = 1                  |  pfet_03v3/proxy4 = 1                     
                                           |                                           
Net: /nfet_0/dummy_10                      |Net: dummy_54                              
  nfet_03v3/proxybulk = 1                  |  pfet_03v3/proxy4 = 1                     
                                           |                                           
Net: /nfet$2_0/dummy_7                     |Net: dummy_46                              
  nfet_03v3/proxysource = 1                |  pfet_03v3/proxy4 = 1                     
                                           |                                           
Net: /nfet_0/dummy_9                       |Net: dummy_42                              
  nfet_03v3/proxysource = 1                |  pfet_03v3/proxy4 = 1                     
                                           |                                           
Net: /nfet$2_0/dummy_6                     |Net: dummy_57                              
  nfet_03v3/proxygate = 1                  |  pfet_03v3/proxy3 = 1                     
                                           |                                           
Net: /nfet_0/dummy_8                       |Net: dummy_53                              
  nfet_03v3/proxygate = 1                  |  pfet_03v3/proxy3 = 1                     
                                           |                                           
Net: /nfet$2_0/dummy_5                     |Net: dummy_45                              
  nfet_03v3/proxydrain = 1                 |  pfet_03v3/proxy3 = 1                     
                                           |                                           
Net: /nfet_0/dummy_7                       |Net: dummy_41                              
  nfet_03v3/proxydrain = 1                 |  pfet_03v3/proxy3 = 1                     
                                           |                                           
Net: /pfet$1_1/dummy_10                    |Net: dummy_56                              
  pfet_03v3/proxybulk = 1                  |  pfet_03v3/proxy2 = 1                     
                                           |                                           
Net: /pfet$1_1/dummy_9                     |Net: dummy_52                              
  pfet_03v3/proxysource = 1                |  pfet_03v3/proxy2 = 1                     
                                           |                                           
Net: /pfet$1_1/dummy_8                     |Net: dummy_44                              
  pfet_03v3/proxygate = 1                  |  pfet_03v3/proxy2 = 1                     
                                           |                                           
Net: /pfet$1_1/dummy_7                     |Net: dummy_40                              
  pfet_03v3/proxydrain = 1                 |  pfet_03v3/proxy2 = 1                     
                                           |                                           
Net: /pfet$1_0/dummy_10                    |Net: dummy_55                              
  pfet_03v3/proxybulk = 1                  |  pfet_03v3/proxy1 = 1                     
                                           |                                           
Net: /pfet$1_0/dummy_9                     |Net: dummy_51                              
  pfet_03v3/proxysource = 1                |  pfet_03v3/proxy1 = 1                     
                                           |                                           
Net: /pfet$1_0/dummy_8                     |Net: dummy_43                              
  pfet_03v3/proxygate = 1                  |  pfet_03v3/proxy1 = 1                     
                                           |                                           
Net: /pfet$1_0/dummy_7                     |Net: dummy_39                              
  pfet_03v3/proxydrain = 1                 |  pfet_03v3/proxy1 = 1                     
                                           |                                           
Net: /pfet$3_3/dummy_10                    |Net: dummy_50                              
  pfet_03v3/proxybulk = 1                  |  pfet_03v3/proxy4 = 1                     
                                           |                                           
Net: /pfet$3_2/dummy_10                    |Net: dummy_49                              
  pfet_03v3/proxybulk = 1                  |  pfet_03v3/proxy3 = 1                     
                                           |                                           
Net: /pfet$3_1/dummy_10                    |Net: dummy_48                              
  pfet_03v3/proxybulk = 1                  |  pfet_03v3/proxy2 = 1                     
                                           |                                           
Net: /pfet$3_0/dummy_10                    |Net: dummy_47                              
  pfet_03v3/proxybulk = 1                  |  pfet_03v3/proxy1 = 1                     
                                           |                                           
Net: /pfet$3_3/dummy_9                     |Net: dummy_38                              
  pfet_03v3/proxysource = 1                |  pfet_03v3/proxy4 = 1                     
                                           |                                           
Net: /pfet$3_2/dummy_9                     |Net: dummy_37                              
  pfet_03v3/proxysource = 1                |  pfet_03v3/proxy3 = 1                     
                                           |                                           
Net: /pfet$3_1/dummy_9                     |Net: dummy_36                              
  pfet_03v3/proxysource = 1                |  pfet_03v3/proxy2 = 1                     
                                           |                                           
Net: /pfet$3_0/dummy_9                     |Net: dummy_35                              
  pfet_03v3/proxysource = 1                |  pfet_03v3/proxy1 = 1                     
                                           |                                           
Net: /pfet$3_3/dummy_8                     |Net: dummy_34                              
  pfet_03v3/proxygate = 1                  |  nfet_03v3/proxy4 = 1                     
                                           |                                           
Net: /pfet$3_2/dummy_8                     |Net: dummy_30                              
  pfet_03v3/proxygate = 1                  |  nfet_03v3/proxy4 = 1                     
                                           |                                           
Net: /pfet$3_1/dummy_8                     |Net: dummy_33                              
  pfet_03v3/proxygate = 1                  |  nfet_03v3/proxy3 = 1                     
                                           |                                           
Net: /pfet$3_0/dummy_8                     |Net: dummy_29                              
  pfet_03v3/proxygate = 1                  |  nfet_03v3/proxy3 = 1                     
                                           |                                           
Net: /pfet$3_3/dummy_7                     |Net: dummy_32                              
  pfet_03v3/proxydrain = 1                 |  nfet_03v3/proxy2 = 1                     
                                           |                                           
Net: /pfet$3_2/dummy_7                     |Net: dummy_28                              
  pfet_03v3/proxydrain = 1                 |  nfet_03v3/proxy2 = 1                     
                                           |                                           
Net: /pfet$3_1/dummy_7                     |Net: dummy_31                              
  pfet_03v3/proxydrain = 1                 |  nfet_03v3/proxy1 = 1                     
                                           |                                           
Net: /pfet$3_0/dummy_7                     |Net: dummy_27                              
  pfet_03v3/proxydrain = 1                 |  nfet_03v3/proxy1 = 1                     
                                           |                                           
Net: /nfet$6_1/dummy_8                     |Net: dummy_26                              
  nfet_03v3/proxybulk = 1                  |  nfet_03v3/proxy4 = 1                     
                                           |                                           
Net: /nfet$6_1/dummy_7                     |Net: dummy_22                              
  nfet_03v3/proxysource = 1                |  nfet_03v3/proxy4 = 1                     
                                           |                                           
Net: /nfet$6_1/dummy_6                     |Net: dummy_25                              
  nfet_03v3/proxygate = 1                  |  nfet_03v3/proxy3 = 1                     
                                           |                                           
Net: /nfet$6_1/dummy_5                     |Net: dummy_21                              
  nfet_03v3/proxydrain = 1                 |  nfet_03v3/proxy3 = 1                     
                                           |                                           
Net: /nfet$6_0/dummy_8                     |Net: dummy_24                              
  nfet_03v3/proxybulk = 1                  |  nfet_03v3/proxy2 = 1                     
                                           |                                           
Net: /nfet$6_0/dummy_7                     |Net: dummy_20                              
  nfet_03v3/proxysource = 1                |  nfet_03v3/proxy2 = 1                     
                                           |                                           
Net: /nfet$6_0/dummy_6                     |Net: dummy_23                              
  nfet_03v3/proxygate = 1                  |  nfet_03v3/proxy1 = 1                     
                                           |                                           
Net: /nfet$6_0/dummy_5                     |Net: dummy_19                              
  nfet_03v3/proxydrain = 1                 |  nfet_03v3/proxy1 = 1                     
                                           |                                           
Net: /nfet$5_1/dummy_8                     |Net: dummy_18                              
  nfet_03v3/proxybulk = 1                  |  nfet_03v3/proxy4 = 1                     
                                           |                                           
Net: /nfet$5_0/dummy_8                     |Net: dummy_17                              
  nfet_03v3/proxybulk = 1                  |  nfet_03v3/proxy3 = 1                     
                                           |                                           
Net: /nfet$5_1/dummy_7                     |Net: dummy_16                              
  nfet_03v3/proxysource = 1                |  nfet_03v3/proxy2 = 1                     
                                           |                                           
Net: /nfet$5_0/dummy_7                     |Net: dummy_15                              
  nfet_03v3/proxysource = 1                |  nfet_03v3/proxy1 = 1                     
                                           |                                           
Net: /nfet$5_1/dummy_6                     |Net: dummy_14                              
  nfet_03v3/proxygate = 1                  |  nfet_03v3/proxy4 = 1                     
                                           |                                           
Net: /nfet$5_0/dummy_6                     |Net: dummy_13                              
  nfet_03v3/proxygate = 1                  |  nfet_03v3/proxy3 = 1                     
                                           |                                           
Net: /nfet$5_1/dummy_5                     |Net: dummy_12                              
  nfet_03v3/proxydrain = 1                 |  nfet_03v3/proxy2 = 1                     
                                           |                                           
Net: /nfet$5_0/dummy_5                     |Net: dummy_11                              
  nfet_03v3/proxydrain = 1                 |  nfet_03v3/proxy1 = 1                     
                                           |                                           
Net: inp                                   |Net: inp                                   
  nfet_03v3/2 = 1                          |  nfet_03v3/gate = 1                       
                                           |                                           
Net: inn                                   |Net: inn                                   
  nfet_03v3/2 = 1                          |  nfet_03v3/gate = 1                       
---------------------------------------------------------------------------------------

---------------------------------------------------------------------------------------
Net: iref                                  |Net: iref                                  
  nfet_03v3/2 = 2                          |  nfet_03v3/(drain|source) = 1             
  nfet_03v3/(1|3) = 1                      |  nfet_03v3/gate = 2                       
                                           |                                           
Net: i_bias_n                              |Net: i_bias_n                              
  nfet_03v3/(1|3) = 3                      |  nfet_03v3/(drain|source) = 3             
---------------------------------------------------------------------------------------

---------------------------------------------------------------------------------------
Net: vss                                   |Net: vss                                   
  nfet_03v3/4 = 6                          |  nfet_03v3/(drain|source) = 4             
  nfet_03v3/(1|3) = 4                      |  nfet_03v3/bulk = 6                       
---------------------------------------------------------------------------------------
DEVICE mismatches: Class fragments follow (with node fanout counts):
Circuit 1: Nmos_Comparator                 |Circuit 2: Nmos_Comparator                 

---------------------------------------------------------------------------------------
Instance: pfet$1_1/pfet_03v3:0             |Instance: pfet_03v3:2                      
  (1,3) = (12,4)                           |  proxy1 = 1                               
  2 = 6                                    |  proxy2 = 1                               
  4 = 12                                   |  proxy3 = 1                               
  proxydrain = 1                           |  proxy4 = 1                               
  proxygate = 1                            |  (drain,source) = (12,6)                  
  proxysource = 1                          |  gate = 6                                 
  proxybulk = 1                            |  bulk = 12                                
                                           |                                           
Instance: pfet$3_3/pfet_03v3:0             |Instance: pfet_03v3:1                      
  (1,3) = (12,6)                           |  proxy1 = 1                               
  2 = 6                                    |  proxy2 = 1                               
  4 = 12                                   |  proxy3 = 1                               
  proxydrain = 1                           |  proxy4 = 1                               
  proxygate = 1                            |  (drain,source) = (12,6)                  
  proxysource = 1                          |  gate = 6                                 
  proxybulk = 1                            |  bulk = 12                                
                                           |                                           
Instance: pfet$3_2/pfet_03v3:0             |Instance: pfet_03v3:11                     
  (1,3) = (12,6)                           |  proxy1 = 1                               
  2 = 6                                    |  proxy2 = 1                               
  4 = 12                                   |  proxy3 = 1                               
  proxydrain = 1                           |  proxy4 = 1                               
  proxygate = 1                            |  (drain,source) = (12,6)                  
  proxysource = 1                          |  gate = 6                                 
  proxybulk = 1                            |  bulk = 12                                
                                           |                                           
Instance: pfet$3_1/pfet_03v3:0             |Instance: pfet_03v3:9                      
  (1,3) = (12,6)                           |  proxy1 = 1                               
  2 = 6                                    |  proxy2 = 1                               
  4 = 12                                   |  proxy3 = 1                               
  proxydrain = 1                           |  proxy4 = 1                               
  proxygate = 1                            |  (drain,source) = (12,6)                  
  proxysource = 1                          |  gate = 6                                 
  proxybulk = 1                            |  bulk = 12                                
                                           |                                           
Instance: pfet$3_0/pfet_03v3:0             |Instance: pfet_03v3:12                     
  (1,3) = (12,6)                           |  proxy1 = 1                               
  2 = 6                                    |  proxy2 = 1                               
  4 = 12                                   |  proxy3 = 1                               
  proxydrain = 1                           |  proxy4 = 1                               
  proxygate = 1                            |  (drain,source) = (12,2)                  
  proxysource = 1                          |  gate = 6                                 
  proxybulk = 1                            |  bulk = 12                                
                                           |                                           
Instance: pfet$1_0/pfet_03v3:0             |Instance: pfet_03v3:7                      
  (1,3) = (12,2)                           |  proxy1 = 1                               
  2 = 6                                    |  proxy2 = 1                               
  4 = 12                                   |  proxy3 = 1                               
  proxydrain = 1                           |  proxy4 = 1                               
  proxygate = 1                            |  (drain,source) = (12,4)                  
  proxysource = 1                          |  gate = 6                                 
  proxybulk = 1                            |  bulk = 12                                
---------------------------------------------------------------------------------------

---------------------------------------------------------------------------------------
Instance: nfet$2_0/nfet_03v3:0             |Instance: nfet_03v3:10                     
  (1,3) = (10,3)                           |  proxy1 = 1                               
  2 = 3                                    |  proxy2 = 1                               
  4 = 10                                   |  proxy3 = 1                               
  proxydrain = 1                           |  proxy4 = 1                               
  proxygate = 1                            |  (drain,source) = (10,3)                  
  proxysource = 1                          |  gate = 3                                 
  proxybulk = 1                            |  bulk = 10                                
                                           |                                           
Instance: nfet_0/nfet_03v3:0               |Instance: nfet_03v3:8                      
  (1,3) = (10,3)                           |  proxy1 = 1                               
  2 = 3                                    |  proxy2 = 1                               
  4 = 10                                   |  proxy3 = 1                               
  proxydrain = 1                           |  proxy4 = 1                               
  proxygate = 1                            |  (drain,source) = (10,3)                  
  proxysource = 1                          |  gate = 3                                 
  proxybulk = 1                            |  bulk = 10                                
                                           |                                           
Instance: nfet$6_1/nfet_03v3:0             |Instance: nfet_03v3:6                      
  (1,3) = (10,4)                           |  proxy1 = 1                               
  2 = 4                                    |  proxy2 = 1                               
  4 = 10                                   |  proxy3 = 1                               
  proxydrain = 1                           |  proxy4 = 1                               
  proxygate = 1                            |  (drain,source) = (6,3)                   
  proxysource = 1                          |  gate = 1                                 
  proxybulk = 1                            |  bulk = 10                                
                                           |                                           
Instance: nfet$6_0/nfet_03v3:0             |Instance: nfet_03v3:5                      
  (1,3) = (10,2)                           |  proxy1 = 1                               
  2 = 4                                    |  proxy2 = 1                               
  4 = 10                                   |  proxy3 = 1                               
  proxydrain = 1                           |  proxy4 = 1                               
  proxygate = 1                            |  (drain,source) = (6,3)                   
  proxysource = 1                          |  gate = 1                                 
  proxybulk = 1                            |  bulk = 10                                
                                           |                                           
Instance: nfet$5_1/nfet_03v3:0             |Instance: nfet_03v3:4                      
  (1,3) = (6,3)                            |  proxy1 = 1                               
  2 = 1                                    |  proxy2 = 1                               
  4 = 10                                   |  proxy3 = 1                               
  proxydrain = 1                           |  proxy4 = 1                               
  proxygate = 1                            |  (drain,source) = (10,2)                  
  proxysource = 1                          |  gate = 4                                 
  proxybulk = 1                            |  bulk = 10                                
                                           |                                           
Instance: nfet$5_0/nfet_03v3:0             |Instance: nfet_03v3:3                      
  (1,3) = (6,3)                            |  proxy1 = 1                               
  2 = 1                                    |  proxy2 = 1                               
  4 = 10                                   |  proxy3 = 1                               
  proxydrain = 1                           |  proxy4 = 1                               
  proxygate = 1                            |  (drain,source) = (10,4)                  
  proxysource = 1                          |  gate = 4                                 
  proxybulk = 1                            |  bulk = 10                                
---------------------------------------------------------------------------------------
Netlists do not match.
Port matching may fail to disambiguate symmetries.

Subcircuit pins:
Circuit 1: Nmos_Comparator                 |Circuit 2: Nmos_Comparator                 
-------------------------------------------|-------------------------------------------
vdd                                        |vdd                                        
vout                                       |vout                                       
v_3_7_n                                    |(no pin, node is v_3_7_n)                  
v_6_9_n                                    |(no pin, node is v_6_9_n)                  
v_5_11_n                                   |(no pin, node is v_5_11_n)                 
inp                                        |inp                                        
inn                                        |inn                                        
iref                                       |iref                                       
i_bias_n                                   |(no pin, node is i_bias_n)                 
vss                                        |vss                                        
---------------------------------------------------------------------------------------
Cell pin lists for Nmos_Comparator and Nmos_Comparator altered to match.
Device classes Nmos_Comparator and Nmos_Comparator are equivalent.

Final result: Top level cell failed pin matching.
