
Circuit 1 cell pfet_03v3 and Circuit 2 cell pfet_03v3 are black boxes.
Warning: Equate pins:  cell pfet_03v3 is a placeholder, treated as a black box.
Warning: Equate pins:  cell pfet_03v3 is a placeholder, treated as a black box.

Subcircuit pins:
Circuit 1: pfet_03v3                       |Circuit 2: pfet_03v3                       
-------------------------------------------|-------------------------------------------
1                                          |1                                          
2                                          |2                                          
3                                          |3                                          
4                                          |4                                          
---------------------------------------------------------------------------------------
Cell pin lists are equivalent.
Device classes pfet_03v3 and pfet_03v3 are equivalent.

Circuit 1 cell nfet_03v3 and Circuit 2 cell nfet_03v3 are black boxes.
Warning: Equate pins:  cell nfet_03v3 is a placeholder, treated as a black box.
Warning: Equate pins:  cell nfet_03v3 is a placeholder, treated as a black box.

Subcircuit pins:
Circuit 1: nfet_03v3                       |Circuit 2: nfet_03v3                       
-------------------------------------------|-------------------------------------------
1                                          |1                                          
2                                          |2                                          
3                                          |3                                          
4                                          |4                                          
---------------------------------------------------------------------------------------
Cell pin lists are equivalent.
Device classes nfet_03v3 and nfet_03v3 are equivalent.

Circuit 1 cell cap_mim_2f0_m4m5_noshield and Circuit 2 cell cap_mim_2f0_m4m5_noshield are black boxes.
Warning: Equate pins:  cell cap_mim_2f0_m4m5_noshield is a placeholder, treated as a black box.
Warning: Equate pins:  cell cap_mim_2f0_m4m5_noshield is a placeholder, treated as a black box.

Subcircuit pins:
Circuit 1: cap_mim_2f0_m4m5_noshield       |Circuit 2: cap_mim_2f0_m4m5_noshield       
-------------------------------------------|-------------------------------------------
1                                          |1                                          
2                                          |2                                          
---------------------------------------------------------------------------------------
Cell pin lists are equivalent.
Device classes cap_mim_2f0_m4m5_noshield and cap_mim_2f0_m4m5_noshield are equivalent.
Flattening unmatched subcell pfet in circuit opamp_p_input (0)(2 instances)
Flattening unmatched subcell pfet$6 in circuit opamp_p_input (0)(3 instances)
Flattening unmatched subcell nfet$9 in circuit opamp_p_input (0)(1 instance)
Flattening unmatched subcell pfet$4 in circuit opamp_p_input (0)(8 instances)
Flattening unmatched subcell nfet$13 in circuit opamp_p_input (0)(6 instances)
Flattening unmatched subcell cap_mim in circuit opamp_p_input (0)(1 instance)
Flattening unmatched subcell nfet$1 in circuit opamp_p_input (0)(2 instances)
Flattening unmatched subcell pfet$7 in circuit opamp_p_input (0)(3 instances)
Flattening unmatched subcell nfet in circuit opamp_p_input (0)(1 instance)
Flattening unmatched subcell pfet$5 in circuit opamp_p_input (0)(1 instance)
Flattening unmatched subcell pfet$3 in circuit opamp_p_input (0)(2 instances)

Class opamp_p_input (0):  Merged 24 parallel devices.
Subcircuit summary:
Circuit 1: opamp_p_input                   |Circuit 2: opamp_p_input                   
-------------------------------------------|-------------------------------------------
pfet_03v3 (24->7)                          |pfet_03v3 (24->7)                          
nfet_03v3 (13->6)                          |nfet_03v3 (13->6)                          
cap_mim_2f0_m4m5_noshield (1)              |cap_mim_2f0_m4m5_noshield (1)              
Number of devices: 14                      |Number of devices: 14                      
Number of nets: 13                         |Number of nets: 13                         
---------------------------------------------------------------------------------------
Netlists match uniquely with port errors.

Subcircuit pins:
Circuit 1: opamp_p_input                   |Circuit 2: opamp_p_input                   
-------------------------------------------|-------------------------------------------
vg1                                        |(no pin, node is vg1)                      
ibias                                      |ibias                                      
vc45                                       |(no pin, node is vc45)                     
vinn                                       |vinn                                       
vinp                                       |vinp                                       
vb2                                        |(no pin, node is vb2)                      
vss                                        |vss                                        
vb3                                        |(no pin, node is vb3)                      
viss                                       |(no pin, node is viss)                     
out                                        |out                                        
vo1                                        |(no pin, node is vo1)                      
vcomp                                      |(no pin, node is vcomp)                    
vdd                                        |vdd                                        
---------------------------------------------------------------------------------------
Cell pin lists for opamp_p_input and opamp_p_input altered to match.
Device classes opamp_p_input and opamp_p_input are equivalent.

Final result: Top level cell failed pin matching.
