
Circuit 1 cell pfet_03v3 and Circuit 2 cell pfet_03v3 are black boxes.
Warning: Equate pins:  cell pfet_03v3 is a placeholder, treated as a black box.
Warning: Equate pins:  cell pfet_03v3 is a placeholder, treated as a black box.

Subcircuit pins:
Circuit 1: pfet_03v3                       |Circuit 2: pfet_03v3                       
-------------------------------------------|-------------------------------------------
1                                          |1                                          
2                                          |2                                          
3                                          |3                                          
4                                          |4                                          
---------------------------------------------------------------------------------------
Cell pin lists are equivalent.
Device classes pfet_03v3 and pfet_03v3 are equivalent.

Circuit 1 cell nfet_03v3 and Circuit 2 cell nfet_03v3 are black boxes.
Warning: Equate pins:  cell nfet_03v3 is a placeholder, treated as a black box.
Warning: Equate pins:  cell nfet_03v3 is a placeholder, treated as a black box.

Subcircuit pins:
Circuit 1: nfet_03v3                       |Circuit 2: nfet_03v3                       
-------------------------------------------|-------------------------------------------
1                                          |1                                          
2                                          |2                                          
3                                          |3                                          
4                                          |4                                          
---------------------------------------------------------------------------------------
Cell pin lists are equivalent.
Device classes nfet_03v3 and nfet_03v3 are equivalent.
Flattening unmatched subcell Output_Stage_p$2 in circuit Output_Stage (0)(320 instances)
Flattening unmatched subcell pfet$3 in circuit Output_Stage (0)(640 instances)
Flattening unmatched subcell Output_Stage_n in circuit Output_Stage (0)(140 instances)
Flattening unmatched subcell nfet in circuit Output_Stage (0)(280 instances)

Class Output_Stage (0):  Merged 918 parallel devices.
Subcircuit summary:
Circuit 1: Output_Stage                    |Circuit 2: Output_Stage                    
-------------------------------------------|-------------------------------------------
pfet_03v3 (640->1)                         |pfet_03v3 (640->1)                         
nfet_03v3 (280->1)                         |nfet_03v3 (280->1)                         
Number of devices: 2                       |Number of devices: 2                       
Number of nets: 5                          |Number of nets: 5                          
---------------------------------------------------------------------------------------
Netlists match uniquely.

Subcircuit pins:
Circuit 1: Output_Stage                    |Circuit 2: Output_Stage                    
-------------------------------------------|-------------------------------------------
vin_pmos                                   |vin_pmos                                   
vin_nmos                                   |vin_nmos                                   
vout                                       |vout                                       
vdd                                        |vdd                                        
vss                                        |vss                                        
---------------------------------------------------------------------------------------
Cell pin lists are equivalent.
Device classes Output_Stage and Output_Stage are equivalent.

Final result: Circuits match uniquely.
.
