
Circuit 1 cell nfet_03v3 and Circuit 2 cell nfet_03v3 are black boxes.
Warning: Equate pins:  cell nfet_03v3 is a placeholder, treated as a black box.
Warning: Equate pins:  cell nfet_03v3 is a placeholder, treated as a black box.

Subcircuit pins:
Circuit 1: nfet_03v3                       |Circuit 2: nfet_03v3                       
-------------------------------------------|-------------------------------------------
1                                          |1                                          
2                                          |2                                          
3                                          |3                                          
4                                          |4                                          
---------------------------------------------------------------------------------------
Cell pin lists are equivalent.
Device classes nfet_03v3 and nfet_03v3 are equivalent.

Circuit 1 cell pfet_03v3 and Circuit 2 cell pfet_03v3 are black boxes.
Warning: Equate pins:  cell pfet_03v3 is a placeholder, treated as a black box.
Warning: Equate pins:  cell pfet_03v3 is a placeholder, treated as a black box.

Subcircuit pins:
Circuit 1: pfet_03v3                       |Circuit 2: pfet_03v3                       
-------------------------------------------|-------------------------------------------
1                                          |1                                          
2                                          |2                                          
3                                          |3                                          
4                                          |4                                          
---------------------------------------------------------------------------------------
Cell pin lists are equivalent.
Device classes pfet_03v3 and pfet_03v3 are equivalent.
Flattening unmatched subcell inv_1 in circuit transmission_gate_2 (0)(1 instance)
Flattening unmatched subcell nfet$1 in circuit transmission_gate_2 (0)(1 instance)
Flattening unmatched subcell pfet$1 in circuit transmission_gate_2 (0)(1 instance)
Flattening unmatched subcell gf180mcu_fd_sc_mcu9t5v0__inv_1 in circuit transmission_gate_2 (1)(1 instance)

Class transmission_gate_2 (0):  Merged 14 parallel devices.
Subcircuit summary:
Circuit 1: transmission_gate_2             |Circuit 2: transmission_gate_2             
-------------------------------------------|-------------------------------------------
nfet_05v0 (1)                              |(no matching element)                      
pfet_05v0 (1)                              |(no matching element)                      
nfet_03v3 (4->1)                           |nfet_03v3 (4->1)                           
pfet_03v3 (12->1)                          |pfet_03v3 (12->1)                          
(no matching element)                      |nfet_06v0 (1)                              
(no matching element)                      |pfet_06v0 (1)                              
Number of devices: 4                       |Number of devices: 4                       
Number of nets: 6                          |Number of nets: 6                          
---------------------------------------------------------------------------------------
NET mismatches: Class fragments follow (with fanout counts):
Circuit 1: transmission_gate_2             |Circuit 2: transmission_gate_2             

---------------------------------------------------------------------------------------
Net: VDDd                                  |Net: VDDd                                  
  pfet_05v0/(1|3) = 1                      |  pfet_06v0/4 = 1                          
  pfet_05v0/4 = 1                          |  pfet_06v0/(1|3) = 1                      
  pfet_03v3/4 = 1                          |  pfet_03v3/4 = 1                          
                                           |                                           
Net: ZN                                    |Net: ZN                                    
  nfet_05v0/(1|3) = 1                      |  pfet_06v0/(1|3) = 1                      
  pfet_05v0/(1|3) = 1                      |  nfet_06v0/(1|3) = 1                      
  pfet_03v3/2 = 1                          |  pfet_03v3/2 = 1                          
                                           |                                           
Net: VSSd                                  |Net: VSSd                                  
  nfet_05v0/(1|3) = 1                      |  nfet_06v0/4 = 1                          
  nfet_05v0/4 = 1                          |  nfet_06v0/(1|3) = 1                      
  nfet_03v3/4 = 1                          |  nfet_03v3/4 = 1                          
                                           |                                           
Net: I                                     |Net: I                                     
  nfet_05v0/2 = 1                          |  pfet_06v0/2 = 1                          
  pfet_05v0/2 = 1                          |  nfet_06v0/2 = 1                          
  nfet_03v3/2 = 1                          |  nfet_03v3/2 = 1                          
---------------------------------------------------------------------------------------
DEVICE mismatches: Class fragments follow (with node fanout counts):
Circuit 1: transmission_gate_2             |Circuit 2: transmission_gate_2             

---------------------------------------------------------------------------------------
Instance: inv_1_0/nfet_05v0:0              |Instance: gf180mcu_fd_sc_mcu9t5v0__inv_1:1 
  (1,3) = (3,3)                            |  (1,3) = (3,3)                            
  2 = 3                                    |  2 = 3                                    
  4 = 3                                    |  4 = 3                                    
                                           |                                           
Instance: inv_1_0/pfet_05v0:1              |Instance: gf180mcu_fd_sc_mcu9t5v0__inv_1:1 
  (1,3) = (3,3)                            |  (1,3) = (3,3)                            
  2 = 3                                    |  2 = 3                                    
  4 = 3                                    |  4 = 3                                    
---------------------------------------------------------------------------------------
Netlists do not match.
Port matching may fail to disambiguate symmetries.

Subcircuit pins:
Circuit 1: transmission_gate_2             |Circuit 2: transmission_gate_2             
-------------------------------------------|-------------------------------------------
Bus                                        |Pin **Mismatch**                           
Pin                                        |Bus **Mismatch**                           
I                                          |VDDd **Mismatch**                          
ZN                                         |(no pin, node is ZN)                       
VSSd                                       |VSSd                                       
VDDd                                       |I **Mismatch**                             
---------------------------------------------------------------------------------------
Cell pin lists for transmission_gate_2 and transmission_gate_2 altered to match.
Device classes transmission_gate_2 and transmission_gate_2 are equivalent.

Final result: Top level cell failed pin matching.
