
Circuit 1 cell pfet_03v3 and Circuit 2 cell pfet_03v3 are black boxes.
Warning: Equate pins:  cell pfet_03v3 is a placeholder, treated as a black box.
Warning: Equate pins:  cell pfet_03v3 is a placeholder, treated as a black box.

Subcircuit pins:
Circuit 1: pfet_03v3                       |Circuit 2: pfet_03v3                       
-------------------------------------------|-------------------------------------------
1                                          |1                                          
2                                          |2                                          
3                                          |3                                          
4                                          |4                                          
---------------------------------------------------------------------------------------
Cell pin lists are equivalent.
Device classes pfet_03v3 and pfet_03v3 are equivalent.

Circuit 1 cell nfet_03v3 and Circuit 2 cell nfet_03v3 are black boxes.
Warning: Equate pins:  cell nfet_03v3 is a placeholder, treated as a black box.
Warning: Equate pins:  cell nfet_03v3 is a placeholder, treated as a black box.

Subcircuit pins:
Circuit 1: nfet_03v3                       |Circuit 2: nfet_03v3                       
-------------------------------------------|-------------------------------------------
1                                          |1                                          
2                                          |2                                          
3                                          |3                                          
4                                          |4                                          
---------------------------------------------------------------------------------------
Cell pin lists are equivalent.
Device classes nfet_03v3 and nfet_03v3 are equivalent.

Circuit 1 cell nfet_05v0 and Circuit 2 cell nfet_05v0 are black boxes.
Warning: Equate pins:  cell nfet_05v0 is a placeholder, treated as a black box.
Warning: Equate pins:  cell nfet_05v0 is a placeholder, treated as a black box.

Subcircuit pins:
Circuit 1: nfet_05v0                       |Circuit 2: nfet_05v0                       
-------------------------------------------|-------------------------------------------
1                                          |1                                          
2                                          |2                                          
3                                          |3                                          
4                                          |4                                          
---------------------------------------------------------------------------------------
Cell pin lists are equivalent.
Device classes nfet_05v0 and nfet_05v0 are equivalent.

Circuit 1 cell pfet_05v0 and Circuit 2 cell pfet_05v0 are black boxes.
Warning: Equate pins:  cell pfet_05v0 is a placeholder, treated as a black box.
Warning: Equate pins:  cell pfet_05v0 is a placeholder, treated as a black box.

Subcircuit pins:
Circuit 1: pfet_05v0                       |Circuit 2: pfet_05v0                       
-------------------------------------------|-------------------------------------------
1                                          |1                                          
2                                          |2                                          
3                                          |3                                          
4                                          |4                                          
---------------------------------------------------------------------------------------
Cell pin lists are equivalent.
Device classes pfet_05v0 and pfet_05v0 are equivalent.
Flattening unmatched subcell pfet$4 in circuit Pmos_Comparator (0)(1 instance)
Flattening unmatched subcell pfet$2 in circuit Pmos_Comparator (0)(2 instances)
Flattening unmatched subcell nfet$3 in circuit Pmos_Comparator (0)(6 instances)
Flattening unmatched subcell pfet$5 in circuit Pmos_Comparator (0)(2 instances)
Flattening unmatched subcell pfet$3$1 in circuit Pmos_Comparator (0)(1 instance)

Cell Pmos_Comparator (0) disconnected node: ibias_compp
Class Pmos_Comparator (0):  Merged 18 parallel devices.
Cell Pmos_Comparator (0) disconnected node: ibias_compp
Subcircuit summary:
Circuit 1: Pmos_Comparator                 |Circuit 2: Pmos_Comparator                 
-------------------------------------------|-------------------------------------------
pfet_03v3 (24->6)                          |pfet_03v3 (6)                              
nfet_03v3 (6)                              |nfet_03v3 (6)                              
Number of devices: 12                      |Number of devices: 12                      
Number of nets: 10                         |Number of nets: 10                         
---------------------------------------------------------------------------------------
Netlists match uniquely with port errors.

Subcircuit pins:
Circuit 1: Pmos_Comparator                 |Circuit 2: Pmos_Comparator                 
-------------------------------------------|-------------------------------------------
v_7_3_p                                    |(no pin, node is v_7_3_p)                  
vcompp                                     |vout **Mismatch**                          
VSUBS                                      |vss **Mismatch**                           
m1_664_66#                                 |inp **Mismatch**                           
m1_n1348_64#                               |inn **Mismatch**                           
v_5_11_p                                   |(no pin, node is v_5_11_p)                 
v_6_9_p                                    |(no pin, node is v_6_9_p)                  
vdd                                        |vdd                                        
ibias_p                                    |(no pin, node is ibias_p)                  
m1_n492_1809#                              |iref **Mismatch**                          
ibias_compp                                |(no matching pin)                          
---------------------------------------------------------------------------------------
Cell pin lists for Pmos_Comparator and Pmos_Comparator altered to match.
Device classes Pmos_Comparator and Pmos_Comparator are equivalent.
Flattening unmatched subcell nfet$5 in circuit Nmos_Comparator (0)(2 instances)
Flattening unmatched subcell nfet in circuit Nmos_Comparator (0)(1 instance)
Flattening unmatched subcell pfet$3 in circuit Nmos_Comparator (0)(4 instances)
Flattening unmatched subcell nfet$6 in circuit Nmos_Comparator (0)(2 instances)
Flattening unmatched subcell pfet$1 in circuit Nmos_Comparator (0)(2 instances)
Flattening unmatched subcell nfet$2 in circuit Nmos_Comparator (0)(1 instance)

Cell Nmos_Comparator (0) disconnected node: vss
Class Nmos_Comparator (0):  Merged 7 parallel devices.
Cell Nmos_Comparator (0) disconnected node: vss
Subcircuit summary:
Circuit 1: Nmos_Comparator                 |Circuit 2: Nmos_Comparator                 
-------------------------------------------|-------------------------------------------
nfet_03v3 (7->6)                           |nfet_03v3 (6)                              
pfet_03v3 (12->6)                          |pfet_03v3 (6)                              
Number of devices: 12                      |Number of devices: 12                      
Number of nets: 10                         |Number of nets: 10                         
---------------------------------------------------------------------------------------
Netlists match uniquely with port errors.

Subcircuit pins:
Circuit 1: Nmos_Comparator                 |Circuit 2: Nmos_Comparator                 
-------------------------------------------|-------------------------------------------
vcompn                                     |vout **Mismatch**                          
v_3_7_n                                    |(no pin, node is v_3_7_n)                  
vdd                                        |vdd                                        
v_5_11_n                                   |(no pin, node is v_5_11_n)                 
v_6_9_n                                    |(no pin, node is v_6_9_n)                  
m1_n1190_n958#                             |inn **Mismatch**                           
m1_n316_n956#                              |inp **Mismatch**                           
i_bias_n                                   |(no pin, node is i_bias_n)                 
m1_n922_n1160#                             |iref **Mismatch**                          
VSUBS                                      |vss **Mismatch**                           
vss                                        |(no matching pin)                          
---------------------------------------------------------------------------------------
Cell pin lists for Nmos_Comparator and Nmos_Comparator altered to match.
Device classes Nmos_Comparator and Nmos_Comparator are equivalent.
Flattening unmatched subcell pfet$8 in circuit triangle_osc (0)(7 instances)
Flattening unmatched subcell pfet$10 in circuit triangle_osc (0)(2 instances)
Flattening unmatched subcell nfet$8 in circuit triangle_osc (0)(8 instances)
Flattening unmatched subcell nand2_2 in circuit triangle_osc (0)(2 instances)
Flattening unmatched subcell nfet$4 in circuit triangle_osc (0)(1 instance)
Flattening unmatched subcell sr_latch in circuit triangle_osc (1)(1 instance)
Flattening unmatched subcell gf180mcu_fd_sc_mcu9t5v0__nand2_2 in circuit triangle_osc (1)(2 instances)

Class triangle_osc (0):  Merged 13 parallel devices.
Class triangle_osc (1):  Merged 4 parallel devices.
Subcircuit summary:
Circuit 1: triangle_osc                    |Circuit 2: triangle_osc                    
-------------------------------------------|-------------------------------------------
pfet_03v3 (9->4)                           |pfet_03v3 (9->4)                           
Pmos_Comparator (1)                        |Pmos_Comparator (1)                        
nfet_03v3 (9->5)                           |nfet_03v3 (9->5)                           
nfet_05v0 (8)                              |nfet_05v0 (8)                              
pfet_05v0 (8->4)                           |pfet_05v0 (8->4)                           
Nmos_Comparator (1)                        |Nmos_Comparator (1)                        
Number of devices: 23                      |Number of devices: 23                      
Number of nets: 28 **Mismatch**            |Number of nets: 29 **Mismatch**            
---------------------------------------------------------------------------------------
NET mismatches: Class fragments follow (with fanout counts):
Circuit 1: triangle_osc                    |Circuit 2: triangle_osc                    

---------------------------------------------------------------------------------------
Net: vss                                   |Net: vss                                   
  nfet_03v3/(1|3) = 4                      |  nfet_03v3/(1|3) = 4                      
  nfet_03v3/4 = 5                          |  nfet_03v3/4 = 5                          
  Pmos_Comparator/VSUBS = 1                |  Nmos_Comparator/vss = 1                  
  nfet_05v0/4 = 8                          |  Pmos_Comparator/vss = 1                  
  nfet_05v0/(1|3) = 4                      |                                           
  Nmos_Comparator/VSUBS = 1                |                                           
                                           |                                           
(no matching net)                          |Net: sr_latch:1/VSSd                       
                                           |  nfet_05v0/(1|3) = 4                      
                                           |  nfet_05v0/4 = 8                          
---------------------------------------------------------------------------------------

---------------------------------------------------------------------------------------
Net: q                                     |Net: q                                     
  pfet_05v0/2 = 1                          |  pfet_05v0/2 = 1                          
  nfet_05v0/2 = 2                          |  nfet_05v0/2 = 2                          
  nfet_05v0/(1|3) = 2                      |  nfet_05v0/(1|3) = 2                      
  pfet_05v0/(1|3) = 2                      |  pfet_05v0/(1|3) = 2                      
---------------------------------------------------------------------------------------

---------------------------------------------------------------------------------------
Net: Nmos_Comparator_0/vcompn              |Net: vcompn                                
  nfet_05v0/2 = 2                          |  nfet_05v0/2 = 2                          
  pfet_05v0/2 = 1                          |  pfet_05v0/2 = 1                          
  Nmos_Comparator/vcompn = 1               |  Nmos_Comparator/vout = 1                 
---------------------------------------------------------------------------------------

---------------------------------------------------------------------------------------
Net: /nand2_2_0[0]/a_1371_7378#            |Net: sr_latch:1/gf180mcu_fd_sc_mcu9t5v0__n 
  nfet_05v0/(1|3) = 2                      |  nfet_05v0/(1|3) = 2                      
                                           |                                           
Net: /nand2_2_0[0]/a_1371_6970#            |Net: sr_latch:1/gf180mcu_fd_sc_mcu9t5v0__n 
  nfet_05v0/(1|3) = 2                      |  nfet_05v0/(1|3) = 2                      
---------------------------------------------------------------------------------------

---------------------------------------------------------------------------------------
Net: nq                                    |Net: nq                                    
  pfet_03v3/2 = 1                          |  pfet_03v3/2 = 1                          
  nfet_05v0/(1|3) = 2                      |  nfet_05v0/(1|3) = 2                      
  pfet_05v0/(1|3) = 2                      |  pfet_05v0/(1|3) = 2                      
  pfet_05v0/2 = 1                          |  pfet_05v0/2 = 1                          
  nfet_05v0/2 = 2                          |  nfet_05v0/2 = 2                          
  nfet_03v3/2 = 1                          |  nfet_03v3/2 = 1                          
---------------------------------------------------------------------------------------
DEVICE mismatches: Class fragments follow (with node fanout counts):
Circuit 1: triangle_osc                    |Circuit 2: triangle_osc                    

---------------------------------------------------------------------------------------
Instance: nand2_2_0[0]/nfet_05v0:6         |Instance: sr_latch:1/gf180mcu_fd_sc_mcu9t5 
  (1,3) = (23,2)                           |  (1,3) = (12,2)                           
  2 = 7                                    |  2 = 4                                    
  4 = 23                                   |  4 = 12                                   
                                           |                                           
Instance: nand2_2_0[0]/nfet_05v0:4         |Instance: sr_latch:1/gf180mcu_fd_sc_mcu9t5 
  (1,3) = (23,2)                           |  (1,3) = (12,2)                           
  2 = 7                                    |  2 = 4                                    
  4 = 23                                   |  4 = 12                                   
                                           |                                           
Instance: nand2_2_0[0]/nfet_05v0:2         |Instance: sr_latch:1/gf180mcu_fd_sc_mcu9t5 
  (1,3) = (9,2)                            |  (1,3) = (9,2)                            
  2 = 4                                    |  2 = 7                                    
  4 = 23                                   |  4 = 12                                   
                                           |                                           
Instance: nand2_2_0[0]/nfet_05v0:0         |Instance: sr_latch:1/gf180mcu_fd_sc_mcu9t5 
  (1,3) = (9,2)                            |  (1,3) = (9,2)                            
  2 = 4                                    |  2 = 7                                    
  4 = 23                                   |  4 = 12                                   
---------------------------------------------------------------------------------------
Netlists do not match.
Port matching may fail to disambiguate symmetries.

Subcircuit pins:
Circuit 1: triangle_osc                    |Circuit 2: triangle_osc                    
-------------------------------------------|-------------------------------------------
vss                                        |vss                                        
q                                          |(no pin, node is q)                        
vddd                                       |(no pin, node is sr_latch:1/VDDd)          
vho                                        |vho                                        
vlo                                        |vlo                                        
out                                        |out                                        
v_8_7                                      |(no pin, node is v_8_7)                    
v_5_6                                      |(no pin, node is v_5_6)                    
ibias_compp                                |(no pin, node is ibias_compp)              
ibias_compn                                |(no pin, node is ibias_compn)              
v_4_1_pn                                   |(no pin, node is v_4_1_pn)                 
iref                                       |iref                                       
nq                                         |(no pin, node is nq)                       
vdd                                        |vdd                                        
---------------------------------------------------------------------------------------
Cell pin lists for triangle_osc and triangle_osc altered to match.
Device classes triangle_osc and triangle_osc are equivalent.

Final result: Top level cell failed pin matching.
